// Jest Snapshot v1, https://goo.gl/fbAQLP

exports[`Mocking mock component with jest mock 1`] = `
<div>
  <div>
    <p
      data-testid="mock-big-component"
    />
    component
  </div>
</div>
`;
