// Jest Snapshot v1, https://goo.gl/fbAQLP

exports[`Snapshot Testing Should match snapshot 1`] = `
<div>
  <div
    aria-label="Component"
  >
    component
  </div>
</div>
`;
